/usr/bin/bash: line 1: vite: command not found
